MegaDot v4.5.1.m.12.mono.custom_build - https://godotengine.org
TextServer: Added interface "Dummy"
TextServer: Added interface "ICU / HarfBuzz / Graphite (Built-in)"
Unrecognized output string "misc2" in mapping:
030000000d0f00000202000000000000,Horipad O Nintendo Switch 2 Controller,a:b1,b:b0,back:b8,dpdown:h0.4,dpleft:h0.8,dpright:h0.2,dpup:h0.1,guide:b12,leftshoulder:b4,leftstick:b10,lefttrigger:b6,leftx:a0,lefty:a1,misc1:b13,misc2:b14,rightshoulder:b5,rightstick:b11,righttrigger:b7,rightx:a2,righty:a3,start:b9,x:b3,y:b2,platform:Windows,
Unrecognized output string "misc2" in mapping:
030000000d0f00009601000000000000,Horipad Steam,a:b0,b:b1,back:b10,dpdown:h0.4,dpleft:h0.8,dpright:h0.2,dpup:h0.1,guide:b12,leftshoulder:b6,leftstick:b13,lefttrigger:b8,leftx:a0,lefty:a1,misc2:b2,paddle1:b5,paddle2:b15,paddle3:b18,paddle4:b19,rightshoulder:b7,rightstick:b14,righttrigger:b9,rightx:a3,righty:a4,start:b11,x:b3,y:b4,platform:Windows,
Unrecognized output string "misc2" in mapping:
030000007e0500006920000000000000,Nintendo Switch 2 Pro Controller,a:b0,b:b1,back:b14,dpdown:b8,dpleft:b10,dpright:b9,dpup:b11,guide:b16,leftshoulder:b12,leftstick:b15,lefttrigger:b13,leftx:a0,lefty:a1~,misc1:b17,misc2:b20,paddle1:b18,paddle2:b19,rightshoulder:b4,rightstick:b7,righttrigger:b5,rightx:a2,righty:a3~,start:b6,x:b2,y:b3,platform:Windows,
DXGI adapter detected: "AMD Radeon 780M Graphics" (vendor 0x1002, device 0x1900, VRAM 512 MB).
SDL: Init OK!
Devices:
  #0: AMD AMD Radeon 780M Graphics - Supported, Discrete
  #1: Microsoft Microsoft Basic Render Driver - Supported, CPU
- Shader:
  model: 6.6
- D3D12 Variable Rate Shading supported:
  Draw call
  Primitive
  Screen-space image (tile size: 8)
- D3D12 multiview supported:
  max view count: 4
- Relaxed casting supported (but disabled for now)
- D3D12 16-bit ops supported: yes
- Depth bounds test supported
D3D12 12_0 - Forward+ - Using Device #0: AMD - AMD Radeon 780M Graphics
WARNING: PSO caching is not implemented yet in the Direct3D 12 driver.
   at: pipeline_cache_create (drivers/d3d12/rendering_device_driver_d3d12.cpp:4469)
Using "winink" pen tablet driver...
Shader 'CanvasSdfShaderRD' (group 0) SHA256: 368b4b7c84d86374afe2553594e5cd85845d47fed8736627101f722e8ad2b4ef
Loading cache for shader CanvasSdfShaderRD, variant 0
Loading cache for shader CanvasSdfShaderRD, variant 1
Loading cache for shader CanvasSdfShaderRD, variant 2
Loading cache for shader CanvasSdfShaderRD, variant 3
Loading cache for shader CanvasSdfShaderRD, variant 4
Loading cache for shader CanvasSdfShaderRD, variant 5
Shader 'SkeletonShaderRD' (group 0) SHA256: d6e394fd4ef33e0a72edf47ffc86d9167c36744212ab892bacced731d4e7c8de
Loading cache for shader SkeletonShaderRD, variant 0
Loading cache for shader SkeletonShaderRD, variant 1
Shader 'SortShaderRD' (group 0) SHA256: 8d0001e9686e841b0892772a2456299b8b0eaeb0b1c7541fb2aa6aa827618d33
Loading cache for shader SortShaderRD, variant 0
Loading cache for shader SortShaderRD, variant 1
Loading cache for shader SortShaderRD, variant 2
Shader 'ParticlesShaderRD' (group 0) SHA256: 2c975b9f606a53e70d85ecefa151a80fae56cc782297a091e5a51c667179c328
Loading cache for shader ParticlesShaderRD, variant 0
Shader 'ParticlesCopyShaderRD' (group 0) SHA256: 5405d948e6a853449f8ed26499a00bfa6c04683f10aab246d2b5414938df57ae
Loading cache for shader ParticlesCopyShaderRD, variant 0
Loading cache for shader ParticlesCopyShaderRD, variant 1
Loading cache for shader ParticlesCopyShaderRD, variant 2
Loading cache for shader ParticlesCopyShaderRD, variant 3
Loading cache for shader ParticlesCopyShaderRD, variant 4
Loading cache for shader ParticlesCopyShaderRD, variant 5
Loading cache for shader ParticlesCopyShaderRD, variant 6
Loading cache for shader ParticlesCopyShaderRD, variant 7
Loading cache for shader ParticlesCopyShaderRD, variant 8
Loading cache for shader ParticlesCopyShaderRD, variant 9
Loading cache for shader ParticlesCopyShaderRD, variant 10
Loading cache for shader ParticlesCopyShaderRD, variant 11
Loading cache for shader ParticlesCopyShaderRD, variant 12
Loading cache for shader ParticlesCopyShaderRD, variant 13
Loading cache for shader ParticlesCopyShaderRD, variant 14
Loading cache for shader ParticlesCopyShaderRD, variant 15
Loading cache for shader ParticlesCopyShaderRD, variant 16
Loading cache for shader ParticlesCopyShaderRD, variant 17
Loading cache for shader ParticlesCopyShaderRD, variant 18
Loading cache for shader ParticlesCopyShaderRD, variant 19
Loading cache for shader ParticlesCopyShaderRD, variant 20
Shader 'CanvasShaderRD' (group 0) SHA256: 5344a20fff45907833af19dd862db296481988f28c71207b4bbcb33af0cd0604
Loading cache for shader CanvasShaderRD, variant 0
Loading cache for shader CanvasShaderRD, variant 1
Loading cache for shader CanvasShaderRD, variant 2
Loading cache for shader CanvasShaderRD, variant 3
Loading cache for shader CanvasShaderRD, variant 4
Loading cache for shader CanvasShaderRD, variant 5
Shader 'CanvasOcclusionShaderRD' (group 0) SHA256: 8fcd25f3b3b258d45009a5a54187ff27eba9649890ac23ec1a5dce75e6670dfc
Loading cache for shader CanvasOcclusionShaderRD, variant 0
Loading cache for shader CanvasOcclusionShaderRD, variant 1
Loading cache for shader CanvasOcclusionShaderRD, variant 2
Loading cache for shader CanvasShaderRD, variant 0
Loading cache for shader CanvasShaderRD, variant 1
Loading cache for shader CanvasShaderRD, variant 2
Loading cache for shader CanvasShaderRD, variant 3
Loading cache for shader CanvasShaderRD, variant 4
Loading cache for shader CanvasShaderRD, variant 5
Loading cache for shader CanvasShaderRD, variant 0
Loading cache for shader CanvasShaderRD, variant 1
Loading cache for shader CanvasShaderRD, variant 2
Loading cache for shader CanvasShaderRD, variant 3
Loading cache for shader CanvasShaderRD, variant 4
Loading cache for shader CanvasShaderRD, variant 5
Shader 'ClusterRenderShaderRD' (group 0) SHA256: 1dbd871dd2b02f2f65bd38399f5668be72e97a021b2965420a3ad69362e08f0a
Loading cache for shader ClusterRenderShaderRD, variant 0
Loading cache for shader ClusterRenderShaderRD, variant 1
Shader 'ClusterStoreShaderRD' (group 0) SHA256: 2b2f11f9aff61b851bc2b11035128b32db5e2dd6698342293b6347a7ba6a085d
Loading cache for shader ClusterStoreShaderRD, variant 0
Shader 'ClusterDebugShaderRD' (group 0) SHA256: 1ba8ed654c0602be46475848512f4b5bbfba5fad229904e6c2332bc9c5508f1e
Loading cache for shader ClusterDebugShaderRD, variant 0
Shader 'SceneForwardClusteredShaderRD' (group 0) SHA256: 4c5d823bcbd5b17afd644d7811253d1b04c120aad508fa0d2dfcced9cf00daa7
Shader 'SceneForwardClusteredShaderRD' (group 1) SHA256: 079d9a581c4254895ea1850f02af1e4ddee62d59868da37d9fce1554f45cd664
Shader 'SceneForwardClusteredShaderRD' (group 2) SHA256: 00047bd4d639bd81bf6da70daf19a78a30c315781d8998c3d3221eee2d246202
Shader 'SceneForwardClusteredShaderRD' (group 3) SHA256: ce954af4d74edfc36ce4ded3e8343c9dfdcbbc9364caebbe55d129f510c3b375
Loading cache for shader SceneForwardClusteredShaderRD, variant 0
Loading cache for shader SceneForwardClusteredShaderRD, variant 1
Loading cache for shader SceneForwardClusteredShaderRD, variant 2
Loading cache for shader SceneForwardClusteredShaderRD, variant 3
Loading cache for shader SceneForwardClusteredShaderRD, variant 4
Loading cache for shader SceneForwardClusteredShaderRD, variant 5
Loading cache for shader SceneForwardClusteredShaderRD, variant 6
Loading cache for shader SceneForwardClusteredShaderRD, variant 7
Loading cache for shader SceneForwardClusteredShaderRD, variant 0
Loading cache for shader SceneForwardClusteredShaderRD, variant 1
Loading cache for shader SceneForwardClusteredShaderRD, variant 2
Loading cache for shader SceneForwardClusteredShaderRD, variant 3
Loading cache for shader SceneForwardClusteredShaderRD, variant 4
Loading cache for shader SceneForwardClusteredShaderRD, variant 5
Loading cache for shader SceneForwardClusteredShaderRD, variant 6
Loading cache for shader SceneForwardClusteredShaderRD, variant 7
Loading cache for shader SceneForwardClusteredShaderRD, variant 0
Loading cache for shader SceneForwardClusteredShaderRD, variant 1
Loading cache for shader SceneForwardClusteredShaderRD, variant 2
Loading cache for shader SceneForwardClusteredShaderRD, variant 3
Loading cache for shader SceneForwardClusteredShaderRD, variant 4
Loading cache for shader SceneForwardClusteredShaderRD, variant 5
Loading cache for shader SceneForwardClusteredShaderRD, variant 6
Loading cache for shader SceneForwardClusteredShaderRD, variant 7
Shader 'BestFitNormalShaderRD' (group 0) SHA256: 27fa356c6fe738bbb3d373643ed7aa9b28b4f9ebb746668ef479b57bcf3bce2b
Loading cache for shader BestFitNormalShaderRD, variant 0
Shader 'IntegrateDfgShaderRD' (group 0) SHA256: e31fa725014186821c3e3646c90ba3af4706f1c8cfbbb018e55f4b3e031a4807
Loading cache for shader IntegrateDfgShaderRD, variant 0
Shader 'ResolveShaderRD' (group 0) SHA256: 80564ad7b9de936c0082edc6b4c128663eab8fcf050b2c4ff8d4d78b9a9c0e80
Loading cache for shader ResolveShaderRD, variant 0
Loading cache for shader ResolveShaderRD, variant 1
Loading cache for shader ResolveShaderRD, variant 2
Shader 'TaaResolveShaderRD' (group 0) SHA256: 5c65496ce6ac3f52b37d4b65e4a1fede2f3aeea7b4c6a79c90f6cf374d511be8
Loading cache for shader TaaResolveShaderRD, variant 0
Shader 'Fsr2DepthClipPassShaderRD' (group 0) SHA256: 6af8a30be405e7d60feaa2eeec0ea5b2f5a8aa37ddb7ef0a30290af013592dcf
Shader 'Fsr2ReconstructPreviousDepthPassShaderRD' (group 0) SHA256: 0155da38001588d235ed612f51033d25a8955154b7959694a00c76024e0f0b7e
Shader 'Fsr2LockPassShaderRD' (group 0) SHA256: b2b9e6842049be3ef3d680ea2db6c1be9d4841033a1f9e7e62ac5941c779cd01
Shader 'Fsr2AccumulatePassShaderRD' (group 0) SHA256: 53798bd8ca6961011ed084c781e63c7e5198ff225b52c9c605be3893cc38a16f
Shader 'Fsr2RcasPassShaderRD' (group 0) SHA256: c0dc1aea218e54f15cc1fb30d73fa105786f281e9c7d3a1e62efbde829cf89a5
Shader 'Fsr2ComputeLuminancePyramidPassShaderRD' (group 0) SHA256: 8826906c671d1dd8cf6024b74b7e05859859fdc85a346c70cae5a05c96974418
Shader 'Fsr2AutogenReactivePassShaderRD' (group 0) SHA256: 78c2f889cbaf4ab3919891b87694900792261a0a76fa1b781c22efe584f28e74
Shader 'Fsr2TcrAutogenPassShaderRD' (group 0) SHA256: b2d6461d2319a8d4cacd9c81fe6840936d31fbdb998dd7162fd8078db0cb600a
Shader 'SsEffectsDownsampleShaderRD' (group 0) SHA256: 8dc9bd81e87dafec6238151da0c61bdbc0b974eefcd7097c694a313aecacb32b
Loading cache for shader SsEffectsDownsampleShaderRD, variant 0
Loading cache for shader SsEffectsDownsampleShaderRD, variant 1
Loading cache for shader SsEffectsDownsampleShaderRD, variant 2
Loading cache for shader SsEffectsDownsampleShaderRD, variant 3
Loading cache for shader SsEffectsDownsampleShaderRD, variant 4
Loading cache for shader SsEffectsDownsampleShaderRD, variant 5
Loading cache for shader SsEffectsDownsampleShaderRD, variant 6
Shader 'SsilShaderRD' (group 0) SHA256: 19273553dd04782d69f08729359821628476f6f4ef06fa5f47b40c3584eff15b
Loading cache for shader SsilShaderRD, variant 0
Loading cache for shader SsilShaderRD, variant 1
Loading cache for shader SsilShaderRD, variant 2
Shader 'SsilImportanceMapShaderRD' (group 0) SHA256: 13577e83caaf2b12f20257d4a4e0a5392e5da28a1d60ce89f0ba6087b1553a12
Loading cache for shader SsilImportanceMapShaderRD, variant 0
Loading cache for shader SsilImportanceMapShaderRD, variant 1
Loading cache for shader SsilImportanceMapShaderRD, variant 2
Shader 'SsilBlurShaderRD' (group 0) SHA256: 914e3175d0a0923f0441d15ca3d56f6e70892f75fc938d7063f26485b42dfeea
Loading cache for shader SsilBlurShaderRD, variant 0
Loading cache for shader SsilBlurShaderRD, variant 1
Loading cache for shader SsilBlurShaderRD, variant 2
Shader 'SsilInterleaveShaderRD' (group 0) SHA256: c17bebc0974296a1db6839383c963557cd1db40fb04e52f0d78f56daada7ba16
Loading cache for shader SsilInterleaveShaderRD, variant 0
Loading cache for shader SsilInterleaveShaderRD, variant 1
Loading cache for shader SsilInterleaveShaderRD, variant 2
Shader 'SsaoShaderRD' (group 0) SHA256: f6a64a85427ab3480a434d331a587b668b827911c02ec1d0a76ff797e3bd821c
Loading cache for shader SsaoShaderRD, variant 0
Loading cache for shader SsaoShaderRD, variant 1
Loading cache for shader SsaoShaderRD, variant 2
Shader 'SsaoImportanceMapShaderRD' (group 0) SHA256: 99ee15e0c88b6e07b0fdba046e3a02967670e24c441b5a3b62f36dcf18ce1888
Loading cache for shader SsaoImportanceMapShaderRD, variant 0
Loading cache for shader SsaoImportanceMapShaderRD, variant 1
Loading cache for shader SsaoImportanceMapShaderRD, variant 2
Shader 'SsaoBlurShaderRD' (group 0) SHA256: 17dc25d633380086c1f9da58c0fbdd6e7b118d06d4375d0e374b82cccaf83021
Loading cache for shader SsaoBlurShaderRD, variant 0
Loading cache for shader SsaoBlurShaderRD, variant 1
Loading cache for shader SsaoBlurShaderRD, variant 2
Shader 'SsaoInterleaveShaderRD' (group 0) SHA256: 4f5bd809ca024aa59ee35c0d0fba427f224e9e0b879909675f0e234c426209a2
Loading cache for shader SsaoInterleaveShaderRD, variant 0
Loading cache for shader SsaoInterleaveShaderRD, variant 1
Loading cache for shader SsaoInterleaveShaderRD, variant 2
Shader 'ScreenSpaceReflectionScaleShaderRD' (group 0) SHA256: 86cab1f98693497f3d66ae830fd338a35b08cda4a675e79e35537f824b683ba6
Loading cache for shader ScreenSpaceReflectionScaleShaderRD, variant 0
Shader 'ScreenSpaceReflectionShaderRD' (group 0) SHA256: 40d236c30fa83be1809999477e417af6fd8e4e877a11ab09e22462d8b3b46d5d
Loading cache for shader ScreenSpaceReflectionShaderRD, variant 0
Loading cache for shader ScreenSpaceReflectionShaderRD, variant 1
Shader 'ScreenSpaceReflectionFilterShaderRD' (group 0) SHA256: 59ad606c8326a93d088cb8ad100214514db30cfbf515d80e68a652461922a164
Loading cache for shader ScreenSpaceReflectionFilterShaderRD, variant 0
Loading cache for shader ScreenSpaceReflectionFilterShaderRD, variant 1
Shader 'SubsurfaceScatteringShaderRD' (group 0) SHA256: 346874da2fb18e11a28559a4d0ba8091f63d2439f0ff81b918cea77719edfcd8
Loading cache for shader SubsurfaceScatteringShaderRD, variant 0
Loading cache for shader SubsurfaceScatteringShaderRD, variant 1
Loading cache for shader SubsurfaceScatteringShaderRD, variant 2
Shader 'SkyShaderRD' (group 0) SHA256: 5bfbd80e050b2e4dae8bd9db711c00dd31be76f193d5ca493b9516e7fae2c402
Loading cache for shader SkyShaderRD, variant 0
Loading cache for shader SkyShaderRD, variant 1
Loading cache for shader SkyShaderRD, variant 2
Loading cache for shader SkyShaderRD, variant 3
Loading cache for shader SkyShaderRD, variant 4
Loading cache for shader SkyShaderRD, variant 5
Loading cache for shader SkyShaderRD, variant 0
Loading cache for shader SkyShaderRD, variant 1
Loading cache for shader SkyShaderRD, variant 2
Loading cache for shader SkyShaderRD, variant 3
Loading cache for shader SkyShaderRD, variant 4
Loading cache for shader SkyShaderRD, variant 5
Shader 'VoxelGiShaderRD' (group 0) SHA256: 105bbde43daa99d6779509bf800c6a0c56d1e884cdb53723043b86688dca7864
Loading cache for shader VoxelGiShaderRD, variant 0
Loading cache for shader VoxelGiShaderRD, variant 1
Loading cache for shader VoxelGiShaderRD, variant 2
Loading cache for shader VoxelGiShaderRD, variant 3
Loading cache for shader VoxelGiShaderRD, variant 4
Loading cache for shader VoxelGiShaderRD, variant 5
Loading cache for shader VoxelGiShaderRD, variant 6
Loading cache for shader VoxelGiShaderRD, variant 7
Shader 'VoxelGiDebugShaderRD' (group 0) SHA256: d8efc6eeace9fd412066a05a7d1a63fb7bcd55627354efd4798a75b3c9f9da8b
Loading cache for shader VoxelGiDebugShaderRD, variant 0
Loading cache for shader VoxelGiDebugShaderRD, variant 1
Loading cache for shader VoxelGiDebugShaderRD, variant 2
Loading cache for shader VoxelGiDebugShaderRD, variant 3
Shader 'SdfgiPreprocessShaderRD' (group 0) SHA256: 65d64685f686ad8b038b412180f3e58f67e97d1e1144cd758ee982f077bbcb79
Loading cache for shader SdfgiPreprocessShaderRD, variant 0
Loading cache for shader SdfgiPreprocessShaderRD, variant 1
Loading cache for shader SdfgiPreprocessShaderRD, variant 2
Loading cache for shader SdfgiPreprocessShaderRD, variant 3
Loading cache for shader SdfgiPreprocessShaderRD, variant 4
Loading cache for shader SdfgiPreprocessShaderRD, variant 5
Loading cache for shader SdfgiPreprocessShaderRD, variant 6
Loading cache for shader SdfgiPreprocessShaderRD, variant 7
Loading cache for shader SdfgiPreprocessShaderRD, variant 8
Shader 'SdfgiDirectLightShaderRD' (group 0) SHA256: c3d143416d9c2eb5ed45907bb49e12075c315c9e4db114e8dcbf7f4b975c3406
Loading cache for shader SdfgiDirectLightShaderRD, variant 0
Loading cache for shader SdfgiDirectLightShaderRD, variant 1
Shader 'SdfgiIntegrateShaderRD' (group 0) SHA256: b35908456ade57d11cac2c6db90511bf78a0f86eef91f4f6e80ca8086af3c9d3
Loading cache for shader SdfgiIntegrateShaderRD, variant 0
Loading cache for shader SdfgiIntegrateShaderRD, variant 1
Loading cache for shader SdfgiIntegrateShaderRD, variant 2
Loading cache for shader SdfgiIntegrateShaderRD, variant 3
Shader 'GiShaderRD' (group 0) SHA256: 15cdace9645f6cfabb484a61bbaa34dc3f6ef2b03fb871217236234150993e91
Shader 'GiShaderRD' (group 1) SHA256: 3a529627f057bfbcf51f0721b577735ff0e547017df83ae6f3ef593fb78e2b28
Loading cache for shader GiShaderRD, variant 0
Loading cache for shader GiShaderRD, variant 1
Loading cache for shader GiShaderRD, variant 2
Loading cache for shader GiShaderRD, variant 3
Loading cache for shader GiShaderRD, variant 4
Loading cache for shader GiShaderRD, variant 0
Loading cache for shader GiShaderRD, variant 1
Loading cache for shader GiShaderRD, variant 2
Loading cache for shader GiShaderRD, variant 3
Loading cache for shader GiShaderRD, variant 4
Shader 'SdfgiDebugShaderRD' (group 0) SHA256: 074c8fa43ef2bd71bf6c1595db9de7e3182bb138e91efcacac121214f6be80eb
Loading cache for shader SdfgiDebugShaderRD, variant 0
Shader 'SdfgiDebugProbesShaderRD' (group 0) SHA256: b1f8f61e65f08f2ea3f69df88a37676200a0846e4a8258f94aec5deb1239619b
Loading cache for shader SdfgiDebugProbesShaderRD, variant 0
Loading cache for shader SdfgiDebugProbesShaderRD, variant 1
Loading cache for shader SdfgiDebugProbesShaderRD, variant 2
Loading cache for shader SdfgiDebugProbesShaderRD, variant 3
Shader 'VolumetricFogShaderRD' (group 0) SHA256: 9fc8d14b6ee56e7f7beb8d5ea7419ba3d0d51e83b9a61131301ae18250e5bae9
Shader 'VolumetricFogShaderRD' (group 1) SHA256: 74868bee1117e6b897bb8003646fecaf288ef8a78662a9a71c6dba9edb61e3b5
Shader 'VolumetricFogShaderRD' (group 2) SHA256: 776d385c221c8fe202ee78204c95e31c09e1b7a35fddeb238bd0b4bff4224ab7
Shader 'VolumetricFogShaderRD' (group 3) SHA256: b0c99d94ae155b59a1345a600c0168f8ae53f8c5cf79b143fb54ba0e7a3e8eb2
Loading cache for shader VolumetricFogShaderRD, variant 0
Shader 'VolumetricFogProcessShaderRD' (group 0) SHA256: e7f6d37bb922c895af79dcb7b28abe9919540d8e81c61692eda51aae9d52a579
Shader 'VolumetricFogProcessShaderRD' (group 1) SHA256: 89f153b61540814f57bb96567b8a4b90ee3da718afd49706f9a464c18115bf7e
Shader 'VolumetricFogProcessShaderRD' (group 2) SHA256: dad5f5b60750f8c19c650572589377776934448ce3da9bcbf99f081ff873856c
Shader 'VolumetricFogProcessShaderRD' (group 3) SHA256: 0ab7c43fa17208dd4367312c48af6ada2352003ad7657739c8e568075dc571a4
Loading cache for shader VolumetricFogProcessShaderRD, variant 0
Loading cache for shader VolumetricFogProcessShaderRD, variant 1
Loading cache for shader VolumetricFogProcessShaderRD, variant 2
Loading cache for shader VolumetricFogProcessShaderRD, variant 3
Loading cache for shader VolumetricFogProcessShaderRD, variant 4
Shader 'BokehDofShaderRD' (group 0) SHA256: 143edd1219c43cec59f1dfcfdd0a8ecab4e50a36bfe19e7ed49c460943c4ff7b
Loading cache for shader BokehDofShaderRD, variant 0
Loading cache for shader BokehDofShaderRD, variant 1
Loading cache for shader BokehDofShaderRD, variant 3
Loading cache for shader BokehDofShaderRD, variant 5
Loading cache for shader BokehDofShaderRD, variant 6
Shader 'CopyShaderRD' (group 0) SHA256: d6103e33b463e66b194ea881e1ca0751074712b4e693676b0442445adb10f4b3
Loading cache for shader CopyShaderRD, variant 0
Loading cache for shader CopyShaderRD, variant 1
Loading cache for shader CopyShaderRD, variant 2
Loading cache for shader CopyShaderRD, variant 3
Loading cache for shader CopyShaderRD, variant 4
Loading cache for shader CopyShaderRD, variant 5
Loading cache for shader CopyShaderRD, variant 6
Loading cache for shader CopyShaderRD, variant 7
Loading cache for shader CopyShaderRD, variant 8
Loading cache for shader CopyShaderRD, variant 9
Loading cache for shader CopyShaderRD, variant 10
Loading cache for shader CopyShaderRD, variant 11
Loading cache for shader CopyShaderRD, variant 12
Shader 'CopyToFbShaderRD' (group 0) SHA256: a87e73cd56040c7f84acd17337a41ad7acffaf31a352cc7c5ac755efd7a5b89b
Loading cache for shader CopyToFbShaderRD, variant 0
Loading cache for shader CopyToFbShaderRD, variant 1
Loading cache for shader CopyToFbShaderRD, variant 2
Loading cache for shader CopyToFbShaderRD, variant 3
Shader 'CubeToDpShaderRD' (group 0) SHA256: 334ac138e689d7c22ab40710cee5114665236f810fd0b630f9a6c2d14a3bffc1
Loading cache for shader CubeToDpShaderRD, variant 0
Shader 'CubemapDownsamplerShaderRD' (group 0) SHA256: fad3611dd8b51ea521a68cdfcf1ec860b89e8c27739ea7f54bce343102018759
Loading cache for shader CubemapDownsamplerShaderRD, variant 0
Shader 'CubemapFilterShaderRD' (group 0) SHA256: 34cb47ca5183f8cbc3f72753274813e35841b89f0ce0b5bdd65cf3d98b905419
Loading cache for shader CubemapFilterShaderRD, variant 0
Loading cache for shader CubemapFilterShaderRD, variant 1
Loading cache for shader CubemapFilterShaderRD, variant 2
Loading cache for shader CubemapFilterShaderRD, variant 3
Shader 'CubemapRoughnessShaderRD' (group 0) SHA256: bb1367f3c9a8bbd73c1e3580d4b810d827c2cee5686fbed9c014f2bd10eb2fba
Loading cache for shader CubemapRoughnessShaderRD, variant 0
Shader 'SpecularMergeShaderRD' (group 0) SHA256: 38a44ad0c89c9302458446b3a02d03ee2549d9fc97ba9412dcb2f43fe64a12c1
Loading cache for shader SpecularMergeShaderRD, variant 0
Loading cache for shader SpecularMergeShaderRD, variant 1
Loading cache for shader SpecularMergeShaderRD, variant 2
Loading cache for shader SpecularMergeShaderRD, variant 3
Shader 'ShadowFrustumShaderRD' (group 0) SHA256: 370c95f68584a7db974be02b3cadfe95752827cad8cfde318ad58b1e3f4b584f
Loading cache for shader ShadowFrustumShaderRD, variant 0
Shader 'MotionVectorsShaderRD' (group 0) SHA256: 8c118681e8be867ff48f1589888c03e77da3f276e74ec4881585a9a588f5dc45
Loading cache for shader MotionVectorsShaderRD, variant 0
Shader 'LuminanceReduceShaderRD' (group 0) SHA256: db36be952ee1c5d5a634d0077edf4335d6d81bf8f71f81f36440c38ac8944368
Loading cache for shader LuminanceReduceShaderRD, variant 0
Loading cache for shader LuminanceReduceShaderRD, variant 1
Loading cache for shader LuminanceReduceShaderRD, variant 2
Shader 'SmaaEdgeDetectionShaderRD' (group 0) SHA256: 1caa616bf2b24d7c61b0bc327e6c3b911526cb42c5b6af1776043f8a83739f90
Loading cache for shader SmaaEdgeDetectionShaderRD, variant 0
Shader 'SmaaWeightCalculationShaderRD' (group 0) SHA256: d21928af91227ca0e91898bcc780186261f5d9ef977108f9662bff9a577b87d3
Loading cache for shader SmaaWeightCalculationShaderRD, variant 0
Shader 'SmaaBlendingShaderRD' (group 0) SHA256: be45fef550ed73e5267eb1a06e25a3c5d91cc59514fe99b531ed7c72ef2a53f7
Loading cache for shader SmaaBlendingShaderRD, variant 0
Shader 'TonemapShaderRD' (group 0) SHA256: bcf12902f02f6746cf510dfdab5d05b5a39e060c3b3cc9750a0dbfe10ac7cfbe
Loading cache for shader TonemapShaderRD, variant 0
Loading cache for shader TonemapShaderRD, variant 1
Loading cache for shader TonemapShaderRD, variant 2
Loading cache for shader TonemapShaderRD, variant 3
Loading cache for shader TonemapShaderRD, variant 4
Loading cache for shader TonemapShaderRD, variant 5
Shader 'VrsShaderRD' (group 0) SHA256: 7d8100817ff59e51a68cf8ce5880e8e2dcb3a4142c45cf6284bcb5c99b8556b1
Loading cache for shader VrsShaderRD, variant 0
Loading cache for shader VrsShaderRD, variant 2
Loading cache for shader VrsShaderRD, variant 3
Shader 'FsrUpscaleShaderRD' (group 0) SHA256: f29202e073c5ec5f038d4e9356dfc2aec74811c20a3d2be3e3f9f6af9d6d94f8
Loading cache for shader FsrUpscaleShaderRD, variant 0
Loading cache for shader FsrUpscaleShaderRD, variant 1
Shader 'BlitShaderRD' (group 0) SHA256: da9bd39ccf93b13de6c06c50edaa9e3ed39708f5e5b770cfc75d341aeb9ea0e4
Loading cache for shader BlitShaderRD, variant 0
Loading cache for shader BlitShaderRD, variant 1
Loading cache for shader BlitShaderRD, variant 2
Loading cache for shader BlitShaderRD, variant 3
WASAPI: Activated output_device using IAudioClient3 interface
WASAPI: wFormatTag = 65534
WASAPI: nChannels = 2
WASAPI: nSamplesPerSec = 48000
WASAPI: nAvgBytesPerSec = 384000
WASAPI: nBlockAlign = 8
WASAPI: wBitsPerSample = 32
WASAPI: cbSize = 22
WASAPI: mix_rate = 48000
WASAPI: fundamental_period_frames = 480
WASAPI: min_period_frames = 480
WASAPI: max_period_frames = 480
WASAPI: selected a period frame size of 480
WASAPI: detected 2 channels
WASAPI: audio buffer frames: 480 calculated latency: 10ms

TextServer: Primary interface set to: "ICU / HarfBuzz / Graphite (Built-in)".
FMOD Sound System: Successfully set DSP buffer size
FMOD Sound System: Successfully initialized
Custom File System enabled.
FMOD Sound System: Successfully set global 3D settings
Loading resource: res://images/packed/common_ui/cursor_default.png
Loading resource: res://.godot/imported/cursor_default.png-596e4127645e90af2e1f06f04d7fa1ae.image
.NET: Initializing module...
Found hostfxr: D:/entertainment/steamapps/common/Slay the Spire 2/data_sts2_windows_x86_64/hostfxr.dll
.NET: hostfxr initialized
.NET: GodotPlugins initialized
Loading resource: res://default_bus_layout.tres
CORE API HASH: 0
EDITOR API HASH: 0
SceneTreeFTI: traversal method DEFAULT
Loading resource: res://addons/sentry/SentryInit.gdc
Loading resource: res://addons/fmod/FmodManager.gdc
Loaded system CA certificates
Loading resource: res://scenes/game.tscn
Loading resource: res://src/Core/Nodes/NGame.cs
Loading resource: res://src/Core/Nodes/Vfx/Utilities/NScreenShake.cs
Loading resource: res://src/Core/Nodes/Audio/NAudioManager.cs
Loading resource: res://scenes/scene_container.tscn
Loading resource: res://src/Core/Nodes/NSceneContainer.cs
Loading resource: res://src/gdscript/audio_manager_proxy.gdc
Loading resource: res://src/Core/Audio/Debug/NDebugAudioManager.cs
Loading resource: res://src/Core/Nodes/CommonUi/NCursorManager.cs
Loading resource: res://src/Core/Nodes/CommonUi/NControllerManager.cs
Loading resource: res://src/Core/Nodes/Vfx/Utilities/NHitStop.cs
Loading resource: res://themes/kreon_bold_glyph_space_one.tres
Loading resource: res://themes/kreon_bold_shared.tres
Loading resource: res://fonts/kreon_bold.ttf
Loading resource: res://.godot/imported/kreon_bold.ttf-a39b3c2b8efde4e39050a84b27e67a76.fontdata
Loading resource: res://src/Core/Nodes/NTransition.cs
Loading resource: res://src/Core/Nodes/Screens/FeedbackScreen/NFeedbackScreenOpener.cs
Loading resource: res://materials/transitions/fight_transition_mat.tres
Loading resource: res://shaders/texture_transition.gdshader
Loading resource: res://images/ui/transitions/fight_transition.png
Loading resource: res://.godot/imported/fight_transition.png-0d1bf8332d25e9212558004cf21ed1e7.bptc.ctex
Loading cache for shader CanvasShaderRD, variant 0
Loading cache for shader CanvasShaderRD, variant 1
Loading cache for shader CanvasShaderRD, variant 2
Loading cache for shader CanvasShaderRD, variant 3
Loading cache for shader CanvasShaderRD, variant 4
Loading cache for shader CanvasShaderRD, variant 5
Loading resource: res://src/Core/Nodes/CommonUi/NModalContainer.cs
Loading resource: res://src/Core/Nodes/CommonUi/NHotkeyManager.cs
Loading resource: res://scenes/ui/reaction_wheel.tscn
Loading resource: res://src/Core/Nodes/Reaction/NReactionWheel.cs
Loading resource: res://images/ui/emote/wedge_2.png
Loading resource: res://.godot/imported/wedge_2.png-52dd87eaae285079f88871d54f541f43.ctex
Loading resource: res://images/ui/emote/exclaim.png
Loading resource: res://.godot/imported/exclaim.png-c3ab3e19dd3306501be3ddb80fcf085e.ctex
Loading resource: res://images/ui/emote/skull.png
Loading resource: res://.godot/imported/skull.png-fd595049db0f0ede53372acaa9b71a89.ctex
Loading resource: res://images/ui/emote/question.png
Loading resource: res://.godot/imported/question.png-488736dd8d41ecf401b45a43b0592aa1.ctex
Loading resource: res://src/Core/Nodes/Reaction/NReactionWheelWedge.cs
Loading resource: res://images/ui/emote/thumb_down.png
Loading resource: res://.godot/imported/thumb_down.png-0775e4e2b89c75f35fcafe1f813a3368.ctex
Loading resource: res://images/ui/emote/heart.png
Loading resource: res://.godot/imported/heart.png-e8ef50c871f09a7d8d07bc4e71f6f866.ctex
Loading resource: res://images/ui/emote/slime_sad.png
Loading resource: res://.godot/imported/slime_sad.png-94c552451dee31ec2525b78ed175d9ce.ctex
Loading resource: res://images/ui/emote/wedge_shadow.png
Loading resource: res://.godot/imported/wedge_shadow.png-500385367450bc652ffd74afe6c9f0a6.ctex
Loading resource: res://images/ui/emote/thumb_up.png
Loading resource: res://.godot/imported/thumb_up.png-4eee5547d903f961db1e33afa5f1ea68.ctex
Loading resource: res://images/ui/emote/happy_cultist.png
Loading resource: res://.godot/imported/happy_cultist.png-f73cabe36703345525b4944529751699.ctex
Loading resource: res://images/packed/map/icons/map_marker_ironclad.png
Loading resource: res://.godot/imported/map_marker_ironclad.png-b2cd48cc06f5e8cefc46c251e39df6b8.ctex
Loading resource: res://addons/mega_text/MegaLabel.cs
Loading resource: res://src/Core/Nodes/Multiplayer/NRemoteMouseCursorContainer.cs
Loading resource: res://src/Core/Nodes/CommonUi/NInputManager.cs
Loading resource: res://src/Core/Nodes/Reaction/NReactionContainer.cs
Loading resource: res://scenes/ui/multiplayer_timeout_overlay.tscn
Loading resource: res://src/Core/Nodes/Multiplayer/NMultiplayerTimeoutOverlay.cs
Loading resource: res://images/packed/common_ui/network_problem_indicator.png
Loading resource: res://.godot/imported/network_problem_indicator.png-94044ece25c6a5ffb9f5624c75a4275d.ctex
Loading resource: res://themes/kreon_regular_glyph_space_one.tres
Loading resource: res://themes/kreon_regular_shared.tres
Loading resource: res://fonts/kreon_regular.ttf
Loading resource: res://.godot/imported/kreon_regular.ttf-a20220d5ba8adf850addcf353acfb496.fontdata
Loading resource: res://addons/mega_text/MegaRichTextLabel.cs
Loading resource: res://src/Core/Nodes/NMuteInBackgroundHandler.cs
Loading resource: res://src/Core/Nodes/NBackgroundModeHandler.cs
Loading resource: res://images/packed/common_ui/cursor_default.png
Loading resource: res://.godot/imported/cursor_default.png-596e4127645e90af2e1f06f04d7fa1ae.image
Loading resource: res://images/packed/common_ui/cursor_tilted.png
Loading resource: res://.godot/imported/cursor_tilted.png-4b9481f5fa6340d8ebb3ed3d66020719.image
Loading resource: res://images/packed/common_ui/cursor_inspect.png
Loading resource: res://.godot/imported/cursor_inspect.png-0633c0739fc49363e9163b2de15e4887.image
Loading resource: res://scenes/asset_loader.tscn
Loading resource: res://src/Core/Nodes/NAssetLoader.cs
[INFO] Found release_info.json at: D:\entertainment\steamapps\common\Slay the Spire 2\release_info.json
[INFO] [Sentry.NET] Initialized: env=development, release=v0.107.1
[INFO] Steamworks: attempting initialization...
[INFO] Steam is running: True
[ERROR] Steamworks initialization failed! Result: k_ESteamAPIInitResult_FailedGeneric, message: No appID found.  Either launch the game from Steam, or put the file steam_appid.txt containing the correct appID in your game folder.
   at MegaCrit.Sts2.Core.Platform.Steam.SteamInitializer.InitializeInternal()
   at MegaCrit.Sts2.Core.Platform.Steam.SteamInitializer.Initialize(Node node)
   at MegaCrit.Sts2.Core.Nodes.NGame.InitializePlatform()
   at System.Runtime.CompilerServices.AsyncMethodBuilderCore.Start[TStateMachine](TStateMachine& stateMachine)
   at MegaCrit.Sts2.Core.Nodes.NGame.InitializePlatform()
   at MegaCrit.Sts2.Core.Nodes.NGame.GameStartupWrapper()
   at System.Runtime.CompilerServices.AsyncMethodBuilderCore.Start[TStateMachine](TStateMachine& stateMachine)
   at MegaCrit.Sts2.Core.Nodes.NGame.GameStartupWrapper()
   at MegaCrit.Sts2.Core.Nodes.NGame._EnterTree()
   at Godot.Node.InvokeGodotClassMethod(godot_string_name& method, NativeVariantPtrArgs args, godot_variant& ret)
   at Godot.CanvasItem.InvokeGodotClassMethod(godot_string_name& method, NativeVariantPtrArgs args, godot_variant& ret)
   at Godot.Control.InvokeGodotClassMethod(godot_string_name& method, NativeVariantPtrArgs args, godot_variant& ret)
   at MegaCrit.Sts2.Core.Nodes.NGame.InvokeGodotClassMethod(godot_string_name& method, NativeVariantPtrArgs args, godot_variant& ret)
   at Godot.Bridge.CSharpInstanceBridge.Call(IntPtr godotObjectGCHandle, godot_string_name* method, godot_variant** args, Int32 argCount, godot_variant_call_error* refCallError, godot_variant* ret)

[INFO] Steam initialization retry attempt 1
[INFO] Steam is running: True
[ERROR] Steamworks initialization failed! Result: k_ESteamAPIInitResult_FailedGeneric, message: No appID found.  Either launch the game from Steam, or put the file steam_appid.txt containing the correct appID in your game folder.
   at MegaCrit.Sts2.Core.Platform.Steam.SteamInitializer.InitializeInternal()
   at MegaCrit.Sts2.Core.Platform.Steam.SteamInitializer.Initialize(Node node)
   at MegaCrit.Sts2.Core.Nodes.NGame.InitializePlatform()
   at System.Runtime.CompilerServices.AsyncMethodBuilderCore.Start[TStateMachine](TStateMachine& stateMachine)
   at MegaCrit.Sts2.Core.Nodes.NGame.InitializePlatform()
   at MegaCrit.Sts2.Core.Nodes.NGame.GameStartupWrapper()
   at System.Runtime.CompilerServices.AsyncMethodBuilderCore.Start[TStateMachine](TStateMachine& stateMachine)
   at MegaCrit.Sts2.Core.Nodes.NGame.GameStartupWrapper()
   at MegaCrit.Sts2.Core.Nodes.NGame._EnterTree()
   at Godot.Node.InvokeGodotClassMethod(godot_string_name& method, NativeVariantPtrArgs args, godot_variant& ret)
   at Godot.CanvasItem.InvokeGodotClassMethod(godot_string_name& method, NativeVariantPtrArgs args, godot_variant& ret)
   at Godot.Control.InvokeGodotClassMethod(godot_string_name& method, NativeVariantPtrArgs args, godot_variant& ret)
   at MegaCrit.Sts2.Core.Nodes.NGame.InvokeGodotClassMethod(godot_string_name& method, NativeVariantPtrArgs args, godot_variant& ret)
   at Godot.Bridge.CSharpInstanceBridge.Call(IntPtr godotObjectGCHandle, godot_string_name* method, godot_variant** args, Int32 argCount, godot_variant_call_error* refCallError, godot_variant* ret)

[INFO] Steam initialization retry attempt 2
[INFO] Steam is running: True
[ERROR] Steamworks initialization failed! Result: k_ESteamAPIInitResult_FailedGeneric, message: No appID found.  Either launch the game from Steam, or put the file steam_appid.txt containing the correct appID in your game folder.
   at MegaCrit.Sts2.Core.Platform.Steam.SteamInitializer.InitializeInternal()
   at MegaCrit.Sts2.Core.Platform.Steam.SteamInitializer.Initialize(Node node)
   at MegaCrit.Sts2.Core.Nodes.NGame.InitializePlatform()
   at System.Runtime.CompilerServices.AsyncMethodBuilderCore.Start[TStateMachine](TStateMachine& stateMachine)
   at MegaCrit.Sts2.Core.Nodes.NGame.InitializePlatform()
   at MegaCrit.Sts2.Core.Nodes.NGame.GameStartupWrapper()
   at System.Runtime.CompilerServices.AsyncMethodBuilderCore.Start[TStateMachine](TStateMachine& stateMachine)
   at MegaCrit.Sts2.Core.Nodes.NGame.GameStartupWrapper()
   at MegaCrit.Sts2.Core.Nodes.NGame._EnterTree()
   at Godot.Node.InvokeGodotClassMethod(godot_string_name& method, NativeVariantPtrArgs args, godot_variant& ret)
   at Godot.CanvasItem.InvokeGodotClassMethod(godot_string_name& method, NativeVariantPtrArgs args, godot_variant& ret)
   at Godot.Control.InvokeGodotClassMethod(godot_string_name& method, NativeVariantPtrArgs args, godot_variant& ret)
   at MegaCrit.Sts2.Core.Nodes.NGame.InvokeGodotClassMethod(godot_string_name& method, NativeVariantPtrArgs args, godot_variant& ret)
   at Godot.Bridge.CSharpInstanceBridge.Call(IntPtr godotObjectGCHandle, godot_string_name* method, godot_variant** args, Int32 argCount, godot_variant_call_error* refCallError, godot_variant* ret)

[ERROR] Failed to initialize Steam! Attempting to show error popup
   at MegaCrit.Sts2.Core.Nodes.NGame.InitializePlatform()
   at System.Runtime.CompilerServices.AsyncMethodBuilderCore.Start[TStateMachine](TStateMachine& stateMachine)
   at MegaCrit.Sts2.Core.Nodes.NGame.InitializePlatform()
   at MegaCrit.Sts2.Core.Nodes.NGame.GameStartupWrapper()
   at System.Runtime.CompilerServices.AsyncMethodBuilderCore.Start[TStateMachine](TStateMachine& stateMachine)
   at MegaCrit.Sts2.Core.Nodes.NGame.GameStartupWrapper()
   at MegaCrit.Sts2.Core.Nodes.NGame._EnterTree()
   at Godot.Node.InvokeGodotClassMethod(godot_string_name& method, NativeVariantPtrArgs args, godot_variant& ret)
   at Godot.CanvasItem.InvokeGodotClassMethod(godot_string_name& method, NativeVariantPtrArgs args, godot_variant& ret)
   at Godot.Control.InvokeGodotClassMethod(godot_string_name& method, NativeVariantPtrArgs args, godot_variant& ret)
   at MegaCrit.Sts2.Core.Nodes.NGame.InvokeGodotClassMethod(godot_string_name& method, NativeVariantPtrArgs args, godot_variant& ret)
   at Godot.Bridge.CSharpInstanceBridge.Call(IntPtr godotObjectGCHandle, godot_string_name* method, godot_variant** args, Int32 argCount, godot_variant_call_error* refCallError, godot_variant* ret)

[INFO] Registered 11 migrations
[INFO] Current save versions: PrefsSave v2; ProfileSave v2; SerializableProgress v21; RunHistory v9; SerializableRun v16; SettingsSave v5
[WARN] Save version 6 is newer than current 5, attempting recovery...
[INFO] Data scavenging succeeded for SettingsSave
[INFO] Successfully recovered data from future save version 6
[INFO] Loading locale path=res://localization/eng
[INFO] Loading locale path=res://localization/zhs
FMOD Sound System: LOADING BANK res://banks/desktop/Master.strings.bank
FMOD Sound System: LOADING BANK res://banks/desktop/Master.bank
FMOD Sound System: LOADING BANK res://banks/desktop/sfx.bank
FMOD Sound System: LOADING BANK res://banks/desktop/temp_sfx.bank
FMOD Sound System: LOADING BANK res://banks/desktop/ambience.bank
[Sentry.GDExtension] Initialized: env=playtesters, release=v0.107.1
Loading resource: res://themes/fonts/zhs/noto_sans_mono_cjksc_regular_shared.tres
Loading resource: res://fonts/zhs/NotoSansMonoCJKsc-Regular.otf
Loading resource: res://.godot/imported/NotoSansMonoCJKsc-Regular.otf-305974efdd77ba2d99a45c70df2b9c8e.fontdata
Loading resource: res://themes/fonts/zhs/source_han_serif_sc_bold_shared.tres
Loading resource: res://fonts/zhs/SourceHanSerifSC-Bold.otf
Loading resource: res://.godot/imported/SourceHanSerifSC-Bold.otf-04194762e7aa80a4d47a9f4f008eea67.fontdata
Loading resource: res://themes/fonts/zhs/source_han_serif_sc_medium_shared.tres
Loading resource: res://fonts/zhs/SourceHanSerifSC-Medium.otf
Loading resource: res://.godot/imported/SourceHanSerifSC-Medium.otf-8b1ba143f94f2163fdbd47c3f56634f6.fontdata
Loading resource: res://src/Core/RichTextTags/RichTextAqua.cs
Loading resource: res://src/Core/RichTextTags/AbstractMegaRichTextEffect.cs
Loading resource: res://src/Core/RichTextTags/RichTextBlue.cs
Loading resource: res://src/Core/RichTextTags/RichTextFadeIn.cs
Loading resource: res://src/Core/RichTextTags/RichTextFlyIn.cs
Loading resource: res://src/Core/RichTextTags/RichTextGold.cs
Loading resource: res://src/Core/RichTextTags/RichTextGreen.cs
Loading resource: res://src/Core/RichTextTags/RichTextJitter.cs
Loading resource: res://src/Core/RichTextTags/RichTextOrange.cs
Loading resource: res://src/Core/RichTextTags/RichTextPink.cs
Loading resource: res://src/Core/RichTextTags/RichTextPurple.cs
Loading resource: res://src/Core/RichTextTags/RichTextRed.cs
Loading resource: res://src/Core/RichTextTags/RichTextSine.cs
Loading resource: res://src/Core/RichTextTags/RichTextThinkyDots.cs
[WARN] Asset not cached: res://scenes/ui/generic_popup.tscn
Loading resource: res://scenes/ui/generic_popup.tscn
Loading resource: res://src/Core/Nodes/Multiplayer/NGenericPopup.cs
Loading resource: res://scenes/ui/vertical_popup.tscn
Loading resource: res://shaders/hsv.gdshader
Loading resource: res://images/atlases/ui_atlas.sprites/popup_vertical.tres
Loading resource: res://images/atlases/ui_atlas_0.png
Loading resource: res://.godot/imported/ui_atlas_0.png-6893c117f9abf21d272811d76e4693a4.bptc.ctex
Loading resource: res://themes/kreon_bold_glyph_space_two.tres
Loading resource: res://themes/kreon_bold_shared.tres
Loading resource: res://fonts/kreon_bold.ttf
Loading resource: res://.godot/imported/kreon_bold.ttf-a39b3c2b8efde4e39050a84b27e67a76.fontdata
Loading resource: res://src/Core/Nodes/CommonUi/NVerticalPopup.cs
Loading resource: res://scenes/ui/abandon_run_no_button.tscn
Loading resource: res://src/Core/Nodes/CommonUi/NPopupYesNoButton.cs
Loading resource: res://src/Core/Nodes/GodotExtensions/NButton.cs
Loading resource: res://src/Core/Nodes/GodotExtensions/NClickableControl.cs
Loading resource: res://images/atlases/compressed.sprites/popup_cancel_button_outline.tres
Loading resource: res://images/atlases/compressed_0.png
Loading resource: res://.godot/imported/compressed_0.png-bc6e7314c16ed258621b173d743fe130.s3tc.ctex
Loading resource: res://images/atlases/ui_atlas.sprites/popup_cancel_button.tres
Loading resource: res://images/ui/placeholder_controller_icon.png
Loading resource: res://.godot/imported/placeholder_controller_icon.png-b0cc2fdcddfa2b73a14bbca7e43ff381.ctex
Loading cache for shader CanvasShaderRD, variant 0
Loading cache for shader CanvasShaderRD, variant 1
Loading cache for shader CanvasShaderRD, variant 2
Loading cache for shader CanvasShaderRD, variant 3
Loading cache for shader CanvasShaderRD, variant 4
Loading cache for shader CanvasShaderRD, variant 5
Loading resource: res://scenes/ui/abandon_run_yes_button.tscn
Loading resource: res://images/atlases/compressed.sprites/popup_confirm_button_outline.tres
Loading resource: res://images/atlases/ui_atlas.sprites/popup_confirm_button.tres
Loading resource: res://themes/kreon_regular_glyph_space_one.tres
Loading resource: res://themes/kreon_regular_shared.tres
Loading resource: res://fonts/kreon_regular.ttf
Loading resource: res://.godot/imported/kreon_regular.ttf-a20220d5ba8adf850addcf353acfb496.fontdata
Loading resource: res://themes/kreon_bold_glyph_space_one.tres
[ERROR] Localization formatting error! message=Error parsing format string: No source extension could handle the selector named "details" at 37
Steam初始化失败。请确保您是从Steam客户端启动游戏的。

详见：{details}
-------------------------------------^
table=main_menu_ui key=STEAM_INIT_ERROR.description variables={}
   at MegaCrit.Sts2.Core.Localization.LocManager.SmartFormat(LocString locString, Dictionary`2 variables)
   at MegaCrit.Sts2.Core.Localization.LocString.GetFormattedText()
   at MegaCrit.Sts2.Core.Nodes.CommonUi.NVerticalPopup.SetText(LocString title, LocString body)
   at MegaCrit.Sts2.Core.Nodes.Multiplayer.NGenericPopup.WaitForConfirmation(LocString body, LocString header, LocString noButton, LocString yesButton)
   at MegaCrit.Sts2.Core.Nodes.NGame.InitializePlatform()
   at System.Runtime.CompilerServices.AsyncTaskMethodBuilder`1.AsyncStateMachineBox`1.ExecutionContextCallback(Object s)
   at System.Threading.ExecutionContext.RunInternal(ExecutionContext executionContext, ContextCallback callback, Object state)
   at System.Runtime.CompilerServices.AsyncTaskMethodBuilder`1.AsyncStateMachineBox`1.MoveNext(Thread threadPoolThread)
   at System.Runtime.CompilerServices.AsyncTaskMethodBuilder`1.AsyncStateMachineBox`1.MoveNext()
   at System.Threading.Tasks.AwaitTaskContinuation.RunCallback(ContextCallback callback, Object state, Task& currentTask)
   at System.Threading.Tasks.Task.RunContinuations(Object continuationObject)
   at System.Threading.Tasks.Task`1.TrySetResult(TResult result)
   at System.Runtime.CompilerServices.AsyncTaskMethodBuilder`1.SetExistingTaskResult(Task`1 task, TResult result)
   at System.Runtime.CompilerServices.AsyncTaskMethodBuilder.SetResult()
   at MegaCrit.Sts2.Core.Nodes.NGame.TryErrorInit()
   at System.Runtime.CompilerServices.AsyncTaskMethodBuilder`1.AsyncStateMachineBox`1.ExecutionContextCallback(Object s)
   at System.Threading.ExecutionContext.RunInternal(ExecutionContext executionContext, ContextCallback callback, Object state)
   at System.Runtime.CompilerServices.AsyncTaskMethodBuilder`1.AsyncStateMachineBox`1.MoveNext(Thread threadPoolThread)
   at System.Runtime.CompilerServices.AsyncTaskMethodBuilder`1.AsyncStateMachineBox`1.MoveNext()
   at Godot.SignalAwaiter.SignalCallback(IntPtr awaiterGCHandlePtr, godot_variant** args, Int32 argCount, godot_bool* outAwaiterIsNull)

[INFO] MuteInBackground: FocusIn received [tween=False, msSinceFocusOut=3022, windowFocused=True]
Loading cache for shader CanvasShaderRD, variant 0
Loading cache for shader CanvasShaderRD, variant 1
Loading cache for shader CanvasShaderRD, variant 2
Loading cache for shader CanvasShaderRD, variant 3
Loading cache for shader CanvasShaderRD, variant 4
Loading cache for shader CanvasShaderRD, variant 5
[WARN] Cannot initialize Steam Input because Steamworks is not initialized. Falling back to standard input.
Loading cache for shader CanvasShaderRD, variant 0
Loading cache for shader CanvasShaderRD, variant 1
Loading cache for shader CanvasShaderRD, variant 2
Loading cache for shader CanvasShaderRD, variant 3
Loading cache for shader CanvasShaderRD, variant 4
Loading cache for shader CanvasShaderRD, variant 5
[INFO] [Sentry.NET] Shutting down
Unloading: Disposing tracked instances...
Unloading: Finished disposing tracked instances.
XR: Clearing primary interface
FMOD Sound System: System released
XR: Removed interface "Native mobile"
XR: Removed interface "OpenXR"
ERROR: 1 RID allocations of type 'N26RendererEnvironmentStorage11EnvironmentE' were leaked at exit.
WARNING: ObjectDB instances leaked at exit (run with --verbose for details).
   at: cleanup (core/object/object.cpp:2514)
Leaked instance: Environment:9223372077740852783 - Resource path: res://scenes/game.tscn::Environment_smd41
ERROR: Cannot get path of node as it is not in a scene tree.
   at: get_path (scene/main/node.cpp:2374)
Leaked instance: WorldEnvironment:43033560721 - Node path: 
Hint: Leaked instances typically happen when nodes are removed from the scene tree (with `remove_child()`) but not freed (with `free()` or `queue_free()`).
ERROR: 1 resources still in use at exit.
   at: clear (core/io/resource.cpp:790)
Resource still in use: res://scenes/game.tscn::Environment_smd41 (Environment)
Orphan StringName: WorldEnvironment (static: 1, total: 2)
StringName: 1 unclaimed string names at exit.
